// Jest Snapshot v1, https://goo.gl/fbAQLP

exports[`button render 1`] = `
<button
  className="orz-button  default normal"
  disabled={false}
/>
`;
